// Jest Snapshot v1, https://goo.gl/fbAQLP

exports[`TabMenu renders correctly 1`] = `
Array [
  <div
    className="MuiTabs-root-2"
  >
    <div
      className="MuiTabs-flexContainer-3"
    >
      <div
        className="MuiTabs-scroller-5 MuiTabs-fixed-6"
        onScroll={[Function]}
        role="tablist"
        style={
          Object {
            "marginBottom": 0,
          }
        }
      >
        <div
          className="MuiTabs-flexContainer-3 MuiTabs-centered-4"
        >
          <a
            aria-selected={true}
            className="MuiButtonBase-root-23 MuiTab-root-11 MuiTab-textColorInherit-13 MuiTab-selected-16 MuiTab-fullWidth-18"
            href="/"
            onBlur={[Function]}
            onClick={[Function]}
            onContextMenu={[Function]}
            onFocus={[Function]}
            onKeyDown={[Function]}
            onKeyUp={[Function]}
            onMouseDown={[Function]}
            onMouseLeave={[Function]}
            onMouseUp={[Function]}
            onTouchEnd={[Function]}
            onTouchMove={[Function]}
            onTouchStart={[Function]}
            role="tab"
            tabIndex="0"
          >
            <span
              className="MuiTab-wrapper-19"
            >
              <span
                className="MuiTab-labelContainer-20"
              >
                <span
                  className="MuiTab-label-21"
                >
                  Flights
                </span>
              </span>
            </span>
            <span
              className="MuiTouchRipple-root-88"
            />
          </a>
          <a
            aria-selected={false}
            className="MuiButtonBase-root-23 MuiTab-root-11 MuiTab-textColorInherit-13 MuiTab-fullWidth-18"
            href="/add"
            onBlur={[Function]}
            onClick={[Function]}
            onContextMenu={[Function]}
            onFocus={[Function]}
            onKeyDown={[Function]}
            onKeyUp={[Function]}
            onMouseDown={[Function]}
            onMouseLeave={[Function]}
            onMouseUp={[Function]}
            onTouchEnd={[Function]}
            onTouchMove={[Function]}
            onTouchStart={[Function]}
            role="tab"
            tabIndex="0"
          >
            <span
              className="MuiTab-wrapper-19"
            >
              <span
                className="MuiTab-labelContainer-20"
              >
                <span
                  className="MuiTab-label-21"
                >
                  Add FLight
                </span>
              </span>
            </span>
            <span
              className="MuiTouchRipple-root-88"
            />
          </a>
        </div>
        <span
          className="MuiPrivateTabIndicator-root-26 MuiPrivateTabIndicator-colorSecondary-28 MuiTabs-indicator-10"
          style={
            Object {
              "left": 0,
              "width": 0,
            }
          }
        />
      </div>
    </div>
  </div>,
  <div
    className="TabMenu-content-1"
  >
    <div
      className="overlay"
    >
      <div
        className="loading-animation"
      >
        <div
          className="lds-grid"
        >
          <div />
          <div />
          <div />
          <div />
          <div />
          <div />
          <div />
          <div />
          <div />
        </div>
      </div>
    </div>
    <div
      className="DataTable-searchBox-31"
    >
      <div
        className="MuiInputBase-root-32 MuiInputBase-fullWidth-41 MuiInputBase-adornedEnd-37"
        onClick={[Function]}
      >
        <input
          className="MuiInputBase-input-42 MuiInputBase-inputAdornedEnd-48"
          defaultValue=""
          onBlur={[Function]}
          onChange={[Function]}
          onFocus={[Function]}
          placeholder="Search in the list"
          type="text"
        />
        <div
          className="MuiInputAdornment-root-49 MuiInputAdornment-positionEnd-52"
        >
          <svg
            aria-hidden="true"
            className="MuiSvgIcon-root-54"
            focusable="false"
            role="presentation"
            viewBox="0 0 24 24"
          >
            <path
              d="M15.5 14h-.79l-.28-.27C15.41 12.59 16 11.11 16 9.5 16 5.91 13.09 3 9.5 3S3 5.91 3 9.5 5.91 16 9.5 16c1.61 0 3.09-.59 4.23-1.57l.27.28v.79l5 4.99L20.49 19l-4.99-5zm-6 0C7.01 14 5 11.99 5 9.5S7.01 5 9.5 5 14 7.01 14 9.5 11.99 14 9.5 14z"
            />
            <path
              d="M0 0h24v24H0z"
              fill="none"
            />
          </svg>
        </div>
      </div>
    </div>
    <div
      className="DataTable-tableWrapper-30"
    >
      <table
        aria-labelledby="tableTitle"
        className="MuiTable-root-63 DataTable-table-29"
      >
        <thead
          className="MuiTableHead-root-64"
        >
          <tr
            className="MuiTableRow-root-65 MuiTableRow-head-68"
          >
            <th
              aria-sort="ascending"
              className="MuiTableCell-root-70 MuiTableCell-head-71"
              scope="col"
            >
              <span
                className="MuiButtonBase-root-23 MuiTableSortLabel-root-82 MuiTableSortLabel-active-83"
                onBlur={[Function]}
                onClick={[Function]}
                onContextMenu={[Function]}
                onFocus={[Function]}
                onKeyDown={[Function]}
                onKeyUp={[Function]}
                onMouseDown={[Function]}
                onMouseLeave={[Function]}
                onMouseUp={[Function]}
                onTouchEnd={[Function]}
                onTouchMove={[Function]}
                onTouchStart={[Function]}
                role="button"
                tabIndex="0"
              >
                Flight Type
                <svg
                  aria-hidden="true"
                  className="MuiSvgIcon-root-54 MuiTableSortLabel-icon-84 MuiTableSortLabel-iconDirectionAsc-86"
                  focusable="false"
                  role="presentation"
                  viewBox="0 0 24 24"
                >
                  <path
                    d="M20 12l-1.41-1.41L13 16.17V4h-2v12.17l-5.58-5.59L4 12l8 8 8-8z"
                  />
                </svg>
              </span>
            </th>
            <th
              aria-sort={null}
              className="MuiTableCell-root-70 MuiTableCell-head-71"
              scope="col"
            >
              <span
                className="MuiButtonBase-root-23 MuiTableSortLabel-root-82"
                onBlur={[Function]}
                onClick={[Function]}
                onContextMenu={[Function]}
                onFocus={[Function]}
                onKeyDown={[Function]}
                onKeyUp={[Function]}
                onMouseDown={[Function]}
                onMouseLeave={[Function]}
                onMouseUp={[Function]}
                onTouchEnd={[Function]}
                onTouchMove={[Function]}
                onTouchStart={[Function]}
                role="button"
                tabIndex="0"
              >
                Departure
                <svg
                  aria-hidden="true"
                  className="MuiSvgIcon-root-54 MuiTableSortLabel-icon-84 MuiTableSortLabel-iconDirectionAsc-86"
                  focusable="false"
                  role="presentation"
                  viewBox="0 0 24 24"
                >
                  <path
                    d="M20 12l-1.41-1.41L13 16.17V4h-2v12.17l-5.58-5.59L4 12l8 8 8-8z"
                  />
                </svg>
              </span>
            </th>
            <th
              aria-sort={null}
              className="MuiTableCell-root-70 MuiTableCell-head-71"
              scope="col"
            >
              <span
                className="MuiButtonBase-root-23 MuiTableSortLabel-root-82"
                onBlur={[Function]}
                onClick={[Function]}
                onContextMenu={[Function]}
                onFocus={[Function]}
                onKeyDown={[Function]}
                onKeyUp={[Function]}
                onMouseDown={[Function]}
                onMouseLeave={[Function]}
                onMouseUp={[Function]}
                onTouchEnd={[Function]}
                onTouchMove={[Function]}
                onTouchStart={[Function]}
                role="button"
                tabIndex="0"
              >
                Departure Date
                <svg
                  aria-hidden="true"
                  className="MuiSvgIcon-root-54 MuiTableSortLabel-icon-84 MuiTableSortLabel-iconDirectionAsc-86"
                  focusable="false"
                  role="presentation"
                  viewBox="0 0 24 24"
                >
                  <path
                    d="M20 12l-1.41-1.41L13 16.17V4h-2v12.17l-5.58-5.59L4 12l8 8 8-8z"
                  />
                </svg>
              </span>
            </th>
            <th
              aria-sort={null}
              className="MuiTableCell-root-70 MuiTableCell-head-71"
              scope="col"
            >
              <span
                className="MuiButtonBase-root-23 MuiTableSortLabel-root-82"
                onBlur={[Function]}
                onClick={[Function]}
                onContextMenu={[Function]}
                onFocus={[Function]}
                onKeyDown={[Function]}
                onKeyUp={[Function]}
                onMouseDown={[Function]}
                onMouseLeave={[Function]}
                onMouseUp={[Function]}
                onTouchEnd={[Function]}
                onTouchMove={[Function]}
                onTouchStart={[Function]}
                role="button"
                tabIndex="0"
              >
                Arrival
                <svg
                  aria-hidden="true"
                  className="MuiSvgIcon-root-54 MuiTableSortLabel-icon-84 MuiTableSortLabel-iconDirectionAsc-86"
                  focusable="false"
                  role="presentation"
                  viewBox="0 0 24 24"
                >
                  <path
                    d="M20 12l-1.41-1.41L13 16.17V4h-2v12.17l-5.58-5.59L4 12l8 8 8-8z"
                  />
                </svg>
              </span>
            </th>
            <th
              aria-sort={null}
              className="MuiTableCell-root-70 MuiTableCell-head-71"
              scope="col"
            >
              <span
                className="MuiButtonBase-root-23 MuiTableSortLabel-root-82"
                onBlur={[Function]}
                onClick={[Function]}
                onContextMenu={[Function]}
                onFocus={[Function]}
                onKeyDown={[Function]}
                onKeyUp={[Function]}
                onMouseDown={[Function]}
                onMouseLeave={[Function]}
                onMouseUp={[Function]}
                onTouchEnd={[Function]}
                onTouchMove={[Function]}
                onTouchStart={[Function]}
                role="button"
                tabIndex="0"
              >
                Arrival Date
                <svg
                  aria-hidden="true"
                  className="MuiSvgIcon-root-54 MuiTableSortLabel-icon-84 MuiTableSortLabel-iconDirectionAsc-86"
                  focusable="false"
                  role="presentation"
                  viewBox="0 0 24 24"
                >
                  <path
                    d="M20 12l-1.41-1.41L13 16.17V4h-2v12.17l-5.58-5.59L4 12l8 8 8-8z"
                  />
                </svg>
              </span>
            </th>
          </tr>
        </thead>
        <tbody
          className="MuiTableBody-root-87"
        />
      </table>
    </div>
  </div>,
]
`;
